rm cpp-pass-by-ref.vgtrace
var trace = {
  "code": "// From: http://www.inference.phy.cam.ac.uk/teaching/comput/C++/examples/SortReference2.shtml\n\n// SortReference2.cc\n// Program to sort two numbers using call by reference. \n// Smallest number is output first.\n\n#include <iostream>\nusing namespace std;\n\n// Function prototype for call by reference using pointers\n// see http://www-h.eng.cam.ac.uk/help/tpl/languages/C++/argsC++.html\n// for further advice.\nvoid swap(float &x, float &y);\nvoid swap2(float *px, float *py);\nvoid swap2b(float *px, float *py);\n\nint main()\n{\n   float a, b;\n\n   a = 2.71;\n   b = 3.14;\n   \n   swap(a, b);\n   swap2(&a, &b);\n   swap2b(&a, &b);\n\n   return 0;\n}\n\n// A function definition for call by reference\n// The variables x and y will have their values changed.\n\nvoid swap(float &x, float &y)\n// Swaps x and y data of calling function\n{\n   float temp;\n\n   temp = x;\n   x = y;\n   y = temp;\n}\n\nvoid swap2(float *px, float *py) // Here the arguments are pointers\n// Swaps x and y data of calling function\n{\n   float temp;\n\n   temp = *px;  // to find the value associated with the pointer px, use *px\n   *px = *py;\n   *py = temp;\n}\n\nvoid swap2b(float *px, float *py)\n// Swaps x and y data of calling function\n{\n   float temp;\n\n   temp = px[0];  // A synonym for *px is px[0]\n   px[0] = py[0];\n   py[0] = temp;\n}\n", 
  "trace": [
    {
      "event": "step_line", 
      "func_name": "_GLOBAL__sub_I_main", 
      "globals": {}, 
      "heap": {}, 
      "line": 62, 
      "ordered_globals": [], 
      "stack_to_render": [
        {
          "encoded_locals": {}, 
          "frame_id": "0x2", 
          "func_name": "__libc_csu_init", 
          "is_highlighted": false, 
          "is_parent": false, 
          "is_zombie": false, 
          "ordered_varnames": [], 
          "parent_frame_id_list": [], 
          "unique_hash": "__libc_csu_init_0x2"
        }, 
        {
          "encoded_locals": {}, 
          "frame_id": "0xFFEFFFDE0", 
          "func_name": "_GLOBAL__sub_I_main", 
          "is_highlighted": true, 
          "is_parent": false, 
          "is_zombie": false, 
          "ordered_varnames": [], 
          "parent_frame_id_list": [], 
          "unique_hash": "_GLOBAL__sub_I_main_0xFFEFFFDE0"
        }
      ], 
      "stdout": ""
    }, 
    {
      "event": "call", 
      "func_name": "__static_initialization_and_destruction_0(int, int)", 
      "globals": {}, 
      "heap": {}, 
      "line": 62, 
      "ordered_globals": [], 
      "stack_to_render": [
        {
          "encoded_locals": {}, 
          "frame_id": "0x2", 
          "func_name": "__libc_csu_init", 
          "is_highlighted": false, 
          "is_parent": false, 
          "is_zombie": false, 
          "ordered_varnames": [], 
          "parent_frame_id_list": [], 
          "unique_hash": "__libc_csu_init_0x2"
        }, 
        {
          "encoded_locals": {}, 
          "frame_id": "0xFFEFFFDE0", 
          "func_name": "_GLOBAL__sub_I_main", 
          "is_highlighted": false, 
          "is_parent": false, 
          "is_zombie": false, 
          "ordered_varnames": [], 
          "parent_frame_id_list": [], 
          "unique_hash": "_GLOBAL__sub_I_main_0xFFEFFFDE0"
        }, 
        {
          "encoded_locals": {
            "__initialize_p": [
              "C_DATA", 
              "0xFFEFFFDCC", 
              "int", 
              "<UNINITIALIZED>"
            ], 
            "__priority": [
              "C_DATA", 
              "0xFFEFFFDC8", 
              "int", 
              "<UNINITIALIZED>"
            ]
          }, 
          "frame_id": "0xFFEFFFDD0", 
          "func_name": "__static_initialization_and_destruction_0(int, int)", 
          "is_highlighted": true, 
          "is_parent": false, 
          "is_zombie": false, 
          "ordered_varnames": [
            "__initialize_p", 
            "__priority"
          ], 
          "parent_frame_id_list": [], 
          "unique_hash": "__static_initialization_and_destruction_0(int, int)_0xFFEFFFDD0"
        }
      ], 
      "stdout": ""
    }, 
    {
      "event": "step_line", 
      "func_name": "__static_initialization_and_destruction_0(int, int)", 
      "globals": {}, 
      "heap": {}, 
      "line": 62, 
      "ordered_globals": [], 
      "stack_to_render": [
        {
          "encoded_locals": {}, 
          "frame_id": "0x2", 
          "func_name": "__libc_csu_init", 
          "is_highlighted": false, 
          "is_parent": false, 
          "is_zombie": false, 
          "ordered_varnames": [], 
          "parent_frame_id_list": [], 
          "unique_hash": "__libc_csu_init_0x2"
        }, 
        {
          "encoded_locals": {}, 
          "frame_id": "0xFFEFFFDE0", 
          "func_name": "_GLOBAL__sub_I_main", 
          "is_highlighted": false, 
          "is_parent": false, 
          "is_zombie": false, 
          "ordered_varnames": [], 
          "parent_frame_id_list": [], 
          "unique_hash": "_GLOBAL__sub_I_main_0xFFEFFFDE0"
        }, 
        {
          "encoded_locals": {
            "__initialize_p": [
              "C_DATA", 
              "0xFFEFFFDCC", 
              "int", 
              1
            ], 
            "__priority": [
              "C_DATA", 
              "0xFFEFFFDC8", 
              "int", 
              "<UNINITIALIZED>"
            ]
          }, 
          "frame_id": "0xFFEFFFDD0", 
          "func_name": "__static_initialization_and_destruction_0(int, int)", 
          "is_highlighted": true, 
          "is_parent": false, 
          "is_zombie": false, 
          "ordered_varnames": [
            "__initialize_p", 
            "__priority"
          ], 
          "parent_frame_id_list": [], 
          "unique_hash": "__static_initialization_and_destruction_0(int, int)_0xFFEFFFDD0"
        }
      ], 
      "stdout": ""
    }, 
    {
      "event": "return", 
      "func_name": "__static_initialization_and_destruction_0(int, int)", 
      "globals": {}, 
      "heap": {}, 
      "line": 62, 
      "ordered_globals": [], 
      "stack_to_render": [
        {
          "encoded_locals": {}, 
          "frame_id": "0x2", 
          "func_name": "__libc_csu_init", 
          "is_highlighted": false, 
          "is_parent": false, 
          "is_zombie": false, 
          "ordered_varnames": [], 
          "parent_frame_id_list": [], 
          "unique_hash": "__libc_csu_init_0x2"
        }, 
        {
          "encoded_locals": {}, 
          "frame_id": "0xFFEFFFDE0", 
          "func_name": "_GLOBAL__sub_I_main", 
          "is_highlighted": false, 
          "is_parent": false, 
          "is_zombie": false, 
          "ordered_varnames": [], 
          "parent_frame_id_list": [], 
          "unique_hash": "_GLOBAL__sub_I_main_0xFFEFFFDE0"
        }, 
        {
          "encoded_locals": {
            "__initialize_p": [
              "C_DATA", 
              "0xFFEFFFDCC", 
              "int", 
              1
            ], 
            "__priority": [
              "C_DATA", 
              "0xFFEFFFDC8", 
              "int", 
              65535
            ]
          }, 
          "frame_id": "0xFFEFFFDD0", 
          "func_name": "__static_initialization_and_destruction_0(int, int)", 
          "is_highlighted": true, 
          "is_parent": false, 
          "is_zombie": false, 
          "ordered_varnames": [
            "__initialize_p", 
            "__priority"
          ], 
          "parent_frame_id_list": [], 
          "unique_hash": "__static_initialization_and_destruction_0(int, int)_0xFFEFFFDD0"
        }
      ], 
      "stdout": ""
    }, 
    {
      "event": "step_line", 
      "func_name": "_GLOBAL__sub_I_main", 
      "globals": {}, 
      "heap": {}, 
      "line": 62, 
      "ordered_globals": [], 
      "stack_to_render": [
        {
          "encoded_locals": {}, 
          "frame_id": "0x2", 
          "func_name": "__libc_csu_init", 
          "is_highlighted": false, 
          "is_parent": false, 
          "is_zombie": false, 
          "ordered_varnames": [], 
          "parent_frame_id_list": [], 
          "unique_hash": "__libc_csu_init_0x2"
        }, 
        {
          "encoded_locals": {}, 
          "frame_id": "0xFFEFFFDE0", 
          "func_name": "_GLOBAL__sub_I_main", 
          "is_highlighted": true, 
          "is_parent": false, 
          "is_zombie": false, 
          "ordered_varnames": [], 
          "parent_frame_id_list": [], 
          "unique_hash": "_GLOBAL__sub_I_main_0xFFEFFFDE0"
        }
      ], 
      "stdout": ""
    }, 
    {
      "event": "step_line", 
      "func_name": "main", 
      "globals": {}, 
      "heap": {}, 
      "line": 21, 
      "ordered_globals": [], 
      "stack_to_render": [
        {
          "encoded_locals": {
            "a": [
              "C_DATA", 
              "0xFFEFFFE18", 
              "float", 
              "<UNINITIALIZED>"
            ], 
            "b": [
              "C_DATA", 
              "0xFFEFFFE1C", 
              "float", 
              "<UNINITIALIZED>"
            ]
          }, 
          "frame_id": "0xFFEFFFE20", 
          "func_name": "main", 
          "is_highlighted": true, 
          "is_parent": false, 
          "is_zombie": false, 
          "ordered_varnames": [
            "a", 
            "b"
          ], 
          "parent_frame_id_list": [], 
          "unique_hash": "main_0xFFEFFFE20"
        }
      ], 
      "stdout": ""
    }, 
    {
      "event": "step_line", 
      "func_name": "main", 
      "globals": {}, 
      "heap": {}, 
      "line": 22, 
      "ordered_globals": [], 
      "stack_to_render": [
        {
          "encoded_locals": {
            "a": [
              "C_DATA", 
              "0xFFEFFFE18", 
              "float", 
              2.71
            ], 
            "b": [
              "C_DATA", 
              "0xFFEFFFE1C", 
              "float", 
              "<UNINITIALIZED>"
            ]
          }, 
          "frame_id": "0xFFEFFFE20", 
          "func_name": "main", 
          "is_highlighted": true, 
          "is_parent": false, 
          "is_zombie": false, 
          "ordered_varnames": [
            "a", 
            "b"
          ], 
          "parent_frame_id_list": [], 
          "unique_hash": "main_0xFFEFFFE20"
        }
      ], 
      "stdout": ""
    }, 
    {
      "event": "step_line", 
      "func_name": "main", 
      "globals": {}, 
      "heap": {}, 
      "line": 24, 
      "ordered_globals": [], 
      "stack_to_render": [
        {
          "encoded_locals": {
            "a": [
              "C_DATA", 
              "0xFFEFFFE18", 
              "float", 
              2.71
            ], 
            "b": [
              "C_DATA", 
              "0xFFEFFFE1C", 
              "float", 
              3.14
            ]
          }, 
          "frame_id": "0xFFEFFFE20", 
          "func_name": "main", 
          "is_highlighted": true, 
          "is_parent": false, 
          "is_zombie": false, 
          "ordered_varnames": [
            "a", 
            "b"
          ], 
          "parent_frame_id_list": [], 
          "unique_hash": "main_0xFFEFFFE20"
        }
      ], 
      "stdout": ""
    }, 
    {
      "event": "exception", 
      "exception_msg": "Oh noes, your code just crashed!\nSend bug reports to philip@pgbovine.net", 
      "func_name": "main", 
      "globals": {}, 
      "heap": {}, 
      "line": 24, 
      "ordered_globals": [], 
      "stack_to_render": [
        {
          "encoded_locals": {
            "a": [
              "C_DATA", 
              "0xFFEFFFE18", 
              "float", 
              2.71
            ], 
            "b": [
              "C_DATA", 
              "0xFFEFFFE1C", 
              "float", 
              3.14
            ]
          }, 
          "frame_id": "0xFFEFFFE20", 
          "func_name": "main", 
          "is_highlighted": true, 
          "is_parent": false, 
          "is_zombie": false, 
          "ordered_varnames": [
            "a", 
            "b"
          ], 
          "parent_frame_id_list": [], 
          "unique_hash": "main_0xFFEFFFE20"
        }
      ], 
      "stdout": ""
    }
  ]
};
