var trace = {
  "code": "#include <stdlib.h>\n\nint main()\n{\n  char* arr = (char*)malloc(10);\n  delete arr; // mismatch\n  int x = 42;\n}\n", 
  "trace": [
    {
      "event": "step_line", 
      "func_name": "main", 
      "globals": {}, 
      "heap": {}, 
      "line": 4, 
      "ordered_globals": [], 
      "stack_to_render": [
        {
          "encoded_locals": {}, 
          "frame_id": "0xFFF000110", 
          "func_name": "main", 
          "is_highlighted": true, 
          "is_parent": false, 
          "is_zombie": false, 
          "ordered_varnames": [], 
          "parent_frame_id_list": [], 
          "unique_hash": "main_0xFFF000110"
        }
      ], 
      "stdout": ""
    }, 
    {
      "event": "step_line", 
      "func_name": "main", 
      "globals": {}, 
      "heap": {}, 
      "line": 5, 
      "ordered_globals": [], 
      "stack_to_render": [
        {
          "encoded_locals": {}, 
          "frame_id": "0xFFF000110", 
          "func_name": "main", 
          "is_highlighted": true, 
          "is_parent": false, 
          "is_zombie": false, 
          "ordered_varnames": [], 
          "parent_frame_id_list": [], 
          "unique_hash": "main_0xFFF000110"
        }
      ], 
      "stdout": ""
    }, 
    {
      "event": "step_line", 
      "func_name": "main", 
      "globals": {}, 
      "heap": {
        "0x5A1C040": [
          "C_ARRAY", 
          "0x5A1C040", 
          [
            "C_DATA", 
            "0x5A1C040", 
            "char", 
            "<UNINITIALIZED>"
          ], 
          [
            "C_DATA", 
            "0x5A1C041", 
            "char", 
            "<UNINITIALIZED>"
          ], 
          [
            "C_DATA", 
            "0x5A1C042", 
            "char", 
            "<UNINITIALIZED>"
          ], 
          [
            "C_DATA", 
            "0x5A1C043", 
            "char", 
            "<UNINITIALIZED>"
          ], 
          [
            "C_DATA", 
            "0x5A1C044", 
            "char", 
            "<UNINITIALIZED>"
          ], 
          [
            "C_DATA", 
            "0x5A1C045", 
            "char", 
            "<UNINITIALIZED>"
          ], 
          [
            "C_DATA", 
            "0x5A1C046", 
            "char", 
            "<UNINITIALIZED>"
          ], 
          [
            "C_DATA", 
            "0x5A1C047", 
            "char", 
            "<UNINITIALIZED>"
          ], 
          [
            "C_DATA", 
            "0x5A1C048", 
            "char", 
            "<UNINITIALIZED>"
          ], 
          [
            "C_DATA", 
            "0x5A1C049", 
            "char", 
            "<UNINITIALIZED>"
          ]
        ]
      }, 
      "line": 6, 
      "ordered_globals": [], 
      "stack_to_render": [
        {
          "encoded_locals": {
            "arr": [
              "C_DATA", 
              "0xFFF000108", 
              "pointer", 
              "0x5A1C040"
            ], 
            "x": [
              "C_DATA", 
              "0xFFF000104", 
              "int", 
              "<UNINITIALIZED>"
            ]
          }, 
          "frame_id": "0xFFF000110", 
          "func_name": "main", 
          "is_highlighted": true, 
          "is_parent": false, 
          "is_zombie": false, 
          "ordered_varnames": [
            "arr", 
            "x"
          ], 
          "parent_frame_id_list": [], 
          "unique_hash": "main_0xFFF000110"
        }
      ], 
      "stdout": ""
    }, 
    {
      "event": "exception", 
      "exception_msg": "ERROR: Mismatched free() / delete / delete []", 
      "func_name": "main", 
      "globals": {}, 
      "heap": {
        "0x5A1C040": [
          "C_ARRAY", 
          "0x5A1C040", 
          [
            "C_DATA", 
            "0x5A1C040", 
            "char", 
            "<UNINITIALIZED>"
          ], 
          [
            "C_DATA", 
            "0x5A1C041", 
            "char", 
            "<UNINITIALIZED>"
          ], 
          [
            "C_DATA", 
            "0x5A1C042", 
            "char", 
            "<UNINITIALIZED>"
          ], 
          [
            "C_DATA", 
            "0x5A1C043", 
            "char", 
            "<UNINITIALIZED>"
          ], 
          [
            "C_DATA", 
            "0x5A1C044", 
            "char", 
            "<UNINITIALIZED>"
          ], 
          [
            "C_DATA", 
            "0x5A1C045", 
            "char", 
            "<UNINITIALIZED>"
          ], 
          [
            "C_DATA", 
            "0x5A1C046", 
            "char", 
            "<UNINITIALIZED>"
          ], 
          [
            "C_DATA", 
            "0x5A1C047", 
            "char", 
            "<UNINITIALIZED>"
          ], 
          [
            "C_DATA", 
            "0x5A1C048", 
            "char", 
            "<UNINITIALIZED>"
          ], 
          [
            "C_DATA", 
            "0x5A1C049", 
            "char", 
            "<UNINITIALIZED>"
          ]
        ]
      }, 
      "line": 6, 
      "ordered_globals": [], 
      "stack_to_render": [
        {
          "encoded_locals": {
            "arr": [
              "C_DATA", 
              "0xFFF000108", 
              "pointer", 
              "0x5A1C040"
            ], 
            "x": [
              "C_DATA", 
              "0xFFF000104", 
              "int", 
              "<UNINITIALIZED>"
            ]
          }, 
          "frame_id": "0xFFF000110", 
          "func_name": "main", 
          "is_highlighted": true, 
          "is_parent": false, 
          "is_zombie": false, 
          "ordered_varnames": [
            "arr", 
            "x"
          ], 
          "parent_frame_id_list": [], 
          "unique_hash": "main_0xFFF000110"
        }
      ], 
      "stdout": ""
    }, 
    {
      "event": "step_line", 
      "func_name": "main", 
      "globals": {}, 
      "heap": {
        "0x5A1C040": [
          "C_ARRAY", 
          "0x5A1C040"
        ]
      }, 
      "line": 7, 
      "ordered_globals": [], 
      "stack_to_render": [
        {
          "encoded_locals": {
            "arr": [
              "C_DATA", 
              "0xFFF000108", 
              "pointer", 
              "0x5A1C040"
            ], 
            "x": [
              "C_DATA", 
              "0xFFF000104", 
              "int", 
              "<UNINITIALIZED>"
            ]
          }, 
          "frame_id": "0xFFF000110", 
          "func_name": "main", 
          "is_highlighted": true, 
          "is_parent": false, 
          "is_zombie": false, 
          "ordered_varnames": [
            "arr", 
            "x"
          ], 
          "parent_frame_id_list": [], 
          "unique_hash": "main_0xFFF000110"
        }
      ], 
      "stdout": ""
    }, 
    {
      "event": "step_line", 
      "func_name": "main", 
      "globals": {}, 
      "heap": {
        "0x5A1C040": [
          "C_ARRAY", 
          "0x5A1C040"
        ]
      }, 
      "line": 8, 
      "ordered_globals": [], 
      "stack_to_render": [
        {
          "encoded_locals": {
            "arr": [
              "C_DATA", 
              "0xFFF000108", 
              "pointer", 
              "0x5A1C040"
            ], 
            "x": [
              "C_DATA", 
              "0xFFF000104", 
              "int", 
              42
            ]
          }, 
          "frame_id": "0xFFF000110", 
          "func_name": "main", 
          "is_highlighted": true, 
          "is_parent": false, 
          "is_zombie": false, 
          "ordered_varnames": [
            "arr", 
            "x"
          ], 
          "parent_frame_id_list": [], 
          "unique_hash": "main_0xFFF000110"
        }
      ], 
      "stdout": ""
    }, 
    {
      "event": "return", 
      "func_name": "main", 
      "globals": {}, 
      "heap": {}, 
      "line": 8, 
      "ordered_globals": [], 
      "stack_to_render": [
        {
          "encoded_locals": {}, 
          "frame_id": "0xFFF000110", 
          "func_name": "main", 
          "is_highlighted": true, 
          "is_parent": false, 
          "is_zombie": false, 
          "ordered_varnames": [], 
          "parent_frame_id_list": [], 
          "unique_hash": "main_0xFFF000110"
        }
      ], 
      "stdout": ""
    }
  ]
};
