var trace = {
  "code": "#include <stdlib.h>\n#include <unistd.h>\nint main( void )\n{\n  char* arr = malloc(-10);\n  (void) write( 1 /* stdout */, arr, 10 );\n  return 0;\n}\n", 
  "trace": [
    {
      "event": "step_line", 
      "func_name": "main", 
      "globals": {}, 
      "heap": {}, 
      "line": 4, 
      "ordered_globals": [], 
      "stack_to_render": [
        {
          "encoded_locals": {
            "arr": [
              "C_DATA", 
              "0xFFF000110", 
              "pointer", 
              "<UNINITIALIZED>"
            ]
          }, 
          "frame_id": "0xFFF000120", 
          "func_name": "main", 
          "is_highlighted": true, 
          "is_parent": false, 
          "is_zombie": false, 
          "ordered_varnames": [
            "arr"
          ], 
          "parent_frame_id_list": [], 
          "unique_hash": "main_0xFFF000120"
        }
      ], 
      "stdout": ""
    }, 
    {
      "event": "step_line", 
      "func_name": "main", 
      "globals": {}, 
      "heap": {}, 
      "line": 5, 
      "ordered_globals": [], 
      "stack_to_render": [
        {
          "encoded_locals": {
            "arr": [
              "C_DATA", 
              "0xFFF000110", 
              "pointer", 
              "<UNINITIALIZED>"
            ]
          }, 
          "frame_id": "0xFFF000120", 
          "func_name": "main", 
          "is_highlighted": true, 
          "is_parent": false, 
          "is_zombie": false, 
          "ordered_varnames": [
            "arr"
          ], 
          "parent_frame_id_list": [], 
          "unique_hash": "main_0xFFF000120"
        }
      ], 
      "stdout": ""
    }, 
    {
      "event": "exception", 
      "exception_msg": "ERROR: Argument 'size' of function malloc has a fishy (possibly negative) value: -10", 
      "func_name": "main", 
      "globals": {}, 
      "heap": {}, 
      "line": 5, 
      "ordered_globals": [], 
      "stack_to_render": [
        {
          "encoded_locals": {
            "arr": [
              "C_DATA", 
              "0xFFF000118", 
              "pointer", 
              "<UNINITIALIZED>"
            ]
          }, 
          "frame_id": "0xFFF000120", 
          "func_name": "main", 
          "is_highlighted": true, 
          "is_parent": false, 
          "is_zombie": false, 
          "ordered_varnames": [
            "arr"
          ], 
          "parent_frame_id_list": [], 
          "unique_hash": "main_0xFFF000120"
        }
      ], 
      "stdout": ""
    }, 
    {
      "event": "step_line", 
      "func_name": "main", 
      "globals": {}, 
      "heap": {}, 
      "line": 5, 
      "ordered_globals": [], 
      "stack_to_render": [
        {
          "encoded_locals": {
            "arr": [
              "C_DATA", 
              "0xFFF000118", 
              "pointer", 
              "<UNINITIALIZED>"
            ]
          }, 
          "frame_id": "0xFFF000120", 
          "func_name": "main", 
          "is_highlighted": true, 
          "is_parent": false, 
          "is_zombie": false, 
          "ordered_varnames": [
            "arr"
          ], 
          "parent_frame_id_list": [], 
          "unique_hash": "main_0xFFF000120"
        }
      ], 
      "stdout": ""
    }, 
    {
      "event": "step_line", 
      "func_name": "main", 
      "globals": {}, 
      "heap": {}, 
      "line": 6, 
      "ordered_globals": [], 
      "stack_to_render": [
        {
          "encoded_locals": {
            "arr": [
              "C_DATA", 
              "0xFFF000118", 
              "pointer", 
              "0x0"
            ]
          }, 
          "frame_id": "0xFFF000120", 
          "func_name": "main", 
          "is_highlighted": true, 
          "is_parent": false, 
          "is_zombie": false, 
          "ordered_varnames": [
            "arr"
          ], 
          "parent_frame_id_list": [], 
          "unique_hash": "main_0xFFF000120"
        }
      ], 
      "stdout": ""
    }, 
    {
      "event": "exception", 
      "exception_msg": "ERROR: Syscall param write(buf) points to unaddressable byte(s)", 
      "func_name": "main", 
      "globals": {}, 
      "heap": {}, 
      "line": 6, 
      "ordered_globals": [], 
      "stack_to_render": [
        {
          "encoded_locals": {
            "arr": [
              "C_DATA", 
              "0xFFF000118", 
              "pointer", 
              "0x0"
            ]
          }, 
          "frame_id": "0xFFF000120", 
          "func_name": "main", 
          "is_highlighted": true, 
          "is_parent": false, 
          "is_zombie": false, 
          "ordered_varnames": [
            "arr"
          ], 
          "parent_frame_id_list": [], 
          "unique_hash": "main_0xFFF000120"
        }
      ], 
      "stdout": ""
    }, 
    {
      "event": "step_line", 
      "func_name": "main", 
      "globals": {}, 
      "heap": {}, 
      "line": 7, 
      "ordered_globals": [], 
      "stack_to_render": [
        {
          "encoded_locals": {
            "arr": [
              "C_DATA", 
              "0xFFF000118", 
              "pointer", 
              "0x0"
            ]
          }, 
          "frame_id": "0xFFF000120", 
          "func_name": "main", 
          "is_highlighted": true, 
          "is_parent": false, 
          "is_zombie": false, 
          "ordered_varnames": [
            "arr"
          ], 
          "parent_frame_id_list": [], 
          "unique_hash": "main_0xFFF000120"
        }
      ], 
      "stdout": ""
    }, 
    {
      "event": "return", 
      "func_name": "main", 
      "globals": {}, 
      "heap": {}, 
      "line": 8, 
      "ordered_globals": [], 
      "stack_to_render": [
        {
          "encoded_locals": {
            "arr": [
              "C_DATA", 
              "0xFFF000118", 
              "pointer", 
              "0x0"
            ]
          }, 
          "frame_id": "0xFFF000120", 
          "func_name": "main", 
          "is_highlighted": true, 
          "is_parent": false, 
          "is_zombie": false, 
          "ordered_varnames": [
            "arr"
          ], 
          "parent_frame_id_list": [], 
          "unique_hash": "main_0xFFF000120"
        }
      ], 
      "stdout": ""
    }
  ]
};
